			Toeplitz case


1. cond = 13.8

Steps: -> 0.05126953125 -> 0.1023776531 -> 0.2050793871 ->
0.4101895466 -> 0.231083882

Tau_k: -> 0.05126953125 -> 0.1536471844 -> 0.3587265715 -> 0.768916118
-> 1


2. cond = 113.1

Steps: -> 0.0205078125 -> 0.04113101959 -> 0.08293133369 ->
0.1658230684 -> 0.3316712228 -> 0.357935543

Tau_k: -> 0.0205078125 -> 0.06163883209 -> 0.1445701658 ->
0.3103932342 -> 0.642064457 -> 1


3. cond = 10652.57

Steps: -> 0.000244140625 -> 0.0004881620407 -> 0.0009758473607 ->
0.002071650568 -> 0.004134702976 -> 0.008235084687 -> 0.0163334541 ->
0.03259700687 -> 0.06482355127 -> 0.1300046378 -> 0.2602788532 ->
0.4798129085

Tau_k: -> 0.000244140625 -> 0.0007323026657 -> 0.001708150026 ->
0.003779800594 -> 0.00791450357 -> 0.01614958826 -> 0.03248304236 ->
0.06508004923 -> 0.1299036005 -> 0.2599082383 -> 0.5201870915 -> 1


4. cond = .942 * 10^8

Steps: -> 1.192092896e-07 -> 2.384185507e-07 -> 4.768369877e-07 ->
9.536735206e-07 -> 1.907345222e-06 -> 3.814683168e-06 ->
7.629337233e-06 -> 1.525855805e-05 -> 3.051665045e-05 ->
6.103143831e-05 -> 0.0001220554265 -> 0.0002440810543 ->
0.0004880429284 -> 0.0009756092524 -> 0.001951216644 -> 0.003898603713
-> 0.007781829844 -> 0.01550167765 -> 0.03075169479 -> 0.06138372778
-> 0.1224408893 -> 0.245307385 -> 0.4901414093 -> 0.01888983119

Tau_k: -> 1.192092896e-07 -> 3.576278402e-07 -> 8.344648279e-07 ->
1.788138349e-06 -> 3.695483571e-06 -> 7.510166739e-06 ->
1.513950397e-05 -> 3.039806202e-05 -> 6.091471247e-05 ->
0.0001219461508 -> 0.0002440015773 -> 0.0004880826316 -> 0.00097612556
-> 0.001951734812 -> 0.003902951456 -> 0.00780155517 -> 0.01558338501
-> 0.03108506267 -> 0.06183675745 -> 0.1232204852 -> 0.2456613745 ->
0.4909687596 -> 0.9811101688 -> 1


