Iteration 1:  Xn- = 10  Pn- = 1.1  Cn = 0.52381
              Xn+ = 10  Pn+ = 0.52381

Iteration 2:  Xn- = 10  Pn- = 0.62381  Cn = 0.384164
              Xn+ = 10.0384  Pn+ = 0.384164

Iteration 3:  Xn- = 10.0384  Pn- = 0.484164  Cn = 0.32622
              Xn+ = 10.0911  Pn+ = 0.32622

Iteration 4:  Xn- = 10.0911  Pn- = 0.42622  Cn = 0.298846
              Xn+ = 10.034  Pn+ = 0.298846

Iteration 5:  Xn- = 10.034  Pn- = 0.398846  Cn = 0.285125
              Xn+ = 10.0243  Pn+ = 0.285125

Iteration 6:  Xn- = 10.0243  Pn- = 0.385125  Cn = 0.278043
              Xn+ = 10.24  Pn+ = 0.278043

Iteration 7:  Xn- = 10.24  Pn- = 0.378043  Cn = 0.274334
              Xn+ = 10.1742  Pn+ = 0.274334
