n = 1  lambda_n = 1.32622  t_n = 1.32622  x_n = 5.61168  u_n = 5.50403
       w_n = 0  s_n = 5.61168  v_n = 3  g_n = 3  g'_n = 0  v'_n+1 = 0


n = 2  lambda_n = 1.43387  t_n = 0.107654  x_n = 1.05068  u_n = -1.98553
       w_n = 5.50403  s_n = 6.55471  v_n = 0  g_n = 2  g'_n = 1  v'_n+1 = 0


n = 3  lambda_n = 4.47009  t_n = 3.03621  x_n = 1.95678  u_n = 0.069914
       w_n = 3.5185  s_n = 5.47528  v_n = 1  g_n = 2  g'_n = 2  v'_n+1 = 0


n = 4  lambda_n = 6.35695  t_n = 1.88686  x_n = 1.41369  u_n = -0.743912
       w_n = 3.58841  s_n = 5.0021  v_n = 0  g_n = 1  g'_n = 3  v'_n+1 = 0


n = 5  lambda_n = 8.51455  t_n = 2.1576  x_n = 1.07727  u_n = -2.34503
       w_n = 2.8445  s_n = 3.92177  v_n = 1  g_n = 1  g'_n = 2  v'_n+1 = 2


n = 6  lambda_n = 11.9368  t_n = 3.4223  x_n = 1.09792  u_n = -8.66508
       w_n = 0.499476  s_n = 1.5974  v_n = 0  g_n = 0  g'_n = 1  v'_n+1 = 2


n = 7  lambda_n = 21.6998  t_n = 9.76301  x_n = 1.11313  u_n = -7.54454
       w_n = 0  s_n = 1.11313  v_n = 0  g_n = 0  g'_n = 0  v'_n+1 = 2


n = 8  lambda_n = 30.3575  t_n = 8.65767  x_n = 1.01037  u_n = -0.880449
       w_n = 0  s_n = 1.01037  v_n = 0  g_n = 0  g'_n = 0  v'_n+1 = 1


n = 9  lambda_n = 32.2483  t_n = 1.89082  x_n = 1.23531  u_n = -1.72485
       w_n = 0  s_n = 1.23531  v_n = 0  g_n = 0  g'_n = 0  v'_n+1 = 1


n = 10 lambda_n = 35.2085  t_n = 2.96017  x_n = 2.77577  u_n = 2.42948
       w_n = 0  s_n = 2.77577  v_n = 2  g_n = 2  g'_n = 0  v'_n+1 = 1


n = 11 lambda_n = 35.5548  t_n = 0.346289  x_n = 1.37663  u_n = 0.957677
       w_n = 2.42948  s_n = 3.8061  v_n = 1  g_n = 2  g'_n = 1  v'_n+1 = 0


n = 12 lambda_n = 35.9737  t_n = 0.418949  x_n = 1.34133  u_n = -1.37928
       w_n = 3.38715  s_n = 4.72849  v_n = 1  g_n = 2  g'_n = 2  v'_n+1 = 0


n = 13 lambda_n = 38.6944  t_n = 2.72061  x_n = 1.20938  u_n = -0.0914149
       w_n = 2.00788  s_n = 3.21725  v_n = 1  g_n = 2  g'_n = 2  v'_n+1 = 1


n = 14 lambda_n = 39.9951  t_n = 1.30079  x_n = 1.06857  u_n = 0.0173873
       w_n = 1.91646  s_n = 2.98504  v_n = 0  g_n = 1  g'_n = 2  v'_n+1 = 1


n = 15 lambda_n = 41.0463  t_n = 1.05119  x_n = 1.16348  u_n = -1.92262
       w_n = 1.93385  s_n = 3.09733  v_n = 1  g_n = 1  g'_n = 2  v'_n+1 = 1


n = 16 lambda_n = 44.1324  t_n = 3.0861  x_n = 1.35858  u_n = -8.22115
       w_n = 0.0112275  s_n = 1.36981  v_n = 0  g_n = 0  g'_n = 1  v'_n+1 = 2


n = 17 lambda_n = 53.7122  t_n = 9.57974  x_n = 1.83884  u_n = 1.25124
       w_n = 0  s_n = 1.83884  v_n = 2  g_n = 2  g'_n = 0  v'_n+1 = 2


n = 18 lambda_n = 54.2998  t_n = 0.5876  x_n = 1.15273  u_n = 0.337723
       w_n = 1.25124  s_n = 2.40398  v_n = 0  g_n = 1  g'_n = 1  v'_n+1 = 0


n = 19 lambda_n = 55.1148  t_n = 0.815011  x_n = 1.15343  u_n = -2.59493
       w_n = 1.58896  s_n = 2.7424  v_n = 0  g_n = 0  g'_n = 2  v'_n+1 = 0


n = 20 lambda_n = 58.8631  t_n = 3.74837  x_n = 1.12133  u_n = 0
       w_n = 0  s_n = 1.12133  v_n = 0  g_n = 0  g'_n = 0  v'_n+1 = 3
