n = 1  lambda_n = 1.10253  t_n = 1.10253  x_n = 1.00461  u_n = -0.176822
       w_n = 0  s_n = 1.00461  v_n = 0  g_n = 0  g'_n = 0  v'_n+1 = 0


n = 2  lambda_n = 2.28396  t_n = 1.18144  x_n = 0.43437  u_n = -0.763965
       w_n = 0  s_n = 0.43437  v_n = 0  g_n = 0  g'_n = 0  v'_n+1 = 1


n = 3  lambda_n = 3.4823  t_n = 1.19834  x_n = 0.66225  u_n = -0.687912
       w_n = 0  s_n = 0.66225  v_n = 0  g_n = 0  g'_n = 0  v'_n+1 = 1


n = 4  lambda_n = 4.83246  t_n = 1.35016  x_n = 0.102819  u_n = -2.95204
       w_n = 0  s_n = 0.102819  v_n = 0  g_n = 0  g'_n = 0  v'_n+1 = 1


n = 5  lambda_n = 7.88732  t_n = 3.05485  x_n = 0.11879  u_n = -1.04511
       w_n = 0  s_n = 0.11879  v_n = 0  g_n = 0  g'_n = 0  v'_n+1 = 1


n = 6  lambda_n = 9.05122  t_n = 1.1639  x_n = 0.247076  u_n = -0.806923
       w_n = 0  s_n = 0.247076  v_n = 0  g_n = 0  g'_n = 0  v'_n+1 = 1


n = 7  lambda_n = 10.1052  t_n = 1.054  x_n = 1.86456  u_n = 0.843775
       w_n = 0  s_n = 1.86456  v_n = 1  g_n = 1  g'_n = 0  v'_n+1 = 1


n = 8  lambda_n = 11.126  t_n = 1.02078  x_n = 0.395457  u_n = -0.724482
       w_n = 0.843775  s_n = 1.23923  v_n = 1  g_n = 1  g'_n = 1  v'_n+1 = 0


n = 9  lambda_n = 12.2459  t_n = 1.11994  x_n = 0.358401  u_n = -1.15205
       w_n = 0.119293  s_n = 0.477693  v_n = 0  g_n = 0  g'_n = 1  v'_n+1 = 1


n = 10 lambda_n = 13.7564  t_n = 1.51045  x_n = 1.36467  u_n = 0.0348713
       w_n = 0  s_n = 1.36467  v_n = 1  g_n = 1  g'_n = 0  v'_n+1 = 2


n = 11 lambda_n = 15.0862  t_n = 1.3298  x_n = 0.219845  u_n = -0.845572
       w_n = 0.0348713  s_n = 0.254716  v_n = 0  g_n = 0  g'_n = 1  v'_n+1 = 0


n = 12 lambda_n = 16.1516  t_n = 1.06542  x_n = 2.50126  u_n = 1.10226
       w_n = 0  s_n = 2.50126  v_n = 1  g_n = 1  g'_n = 0  v'_n+1 = 2


n = 13 lambda_n = 17.5506  t_n = 1.399  x_n = 0.17165  u_n = -2.0672
       w_n = 1.10226  s_n = 1.27391  v_n = 0  g_n = 0  g'_n = 1  v'_n+1 = 0


n = 14 lambda_n = 19.7895  t_n = 2.23885  x_n = 0.376513  u_n = -1.62462
       w_n = 0  s_n = 0.376513  v_n = 0  g_n = 0  g'_n = 0  v'_n+1 = 2


n = 15 lambda_n = 21.7906  t_n = 2.00113  x_n = 0.880784  u_n = -3.05836
       w_n = 0  s_n = 0.880784  v_n = 0  g_n = 0  g'_n = 0  v'_n+1 = 1


n = 16 lambda_n = 25.7297  t_n = 3.93914  x_n = 0.160371  u_n = -0.890053
       w_n = 0  s_n = 0.160371  v_n = 0  g_n = 0  g'_n = 0  v'_n+1 = 1


n = 17 lambda_n = 26.7801  t_n = 1.05042  x_n = 1.28135  u_n = -0.278271
       w_n = 0  s_n = 1.28135  v_n = 0  g_n = 0  g'_n = 0  v'_n+1 = 1


n = 18 lambda_n = 28.3398  t_n = 1.55962  x_n = 0.719193  u_n = -1.05701
       w_n = 0  s_n = 0.719193  v_n = 0  g_n = 0  g'_n = 0  v'_n+1 = 1


n = 19 lambda_n = 30.116  t_n = 1.7762  x_n = 0.92833  u_n = -0.132658
       w_n = 0  s_n = 0.92833  v_n = 0  g_n = 0  g'_n = 0  v'_n+1 = 1


n = 20 lambda_n = 31.177  t_n = 1.06099  x_n = 2.10873  u_n = 0
       w_n = 0  s_n = 2.10873  v_n = 0  g_n = 0  g'_n = 0  v'_n+1 = 1
