
j \ i	0	1	2	 3	  4	   5	    6	     7    T

0       1    0.282    0.199    0.163    0.141    0.126    0.115    0.107
1       0     0.25    0.196    0.163    0.142    0.128    0.117    0.108
2       0        0   0.0625   0.0801   0.0848   0.0849   0.0834   0.0812
3       0        0        0   0.0156   0.0278   0.0361   0.0415    0.045
4       0        0        0        0  0.00391  0.00891   0.0137   0.0179
5       0        0        0        0        0 0.000977  0.00272  0.00485
6       0        0        0        0        0        0 0.000244 0.000801
7       0        0        0        0        0        0        0  6.1e-05

X


