Test1 ( 100000 iterations, n = 10,20,30,40,50, the worst case )

./insert (linear search)

0 1 2 3 4 5 6 7 8 9
Time: 0.375824

0 1 2 3 4 5 6 7 8 9 10 11 12 13 14 15 16 17 18 19
Time: 1.21795

0 1 2 3 4 5 6 7 8 9 10 11 12 13 14 15 16 17 18 19 20 21 22 23 24 25 26 27 28 29
Time: 2.46386

0 1 2 3 4 5 6 7 8 9 10 11 12 13 14 15 16 17 18 19 20 21 22 23 24 25 26 27 28 29 30 31 32 33 34 35 36 37 38 39
Time: 4.13788

0 1 2 3 4 5 6 7 8 9 10 11 12 13 14 15 16 17 18 19 20 21 22 23 24 25 26 27 28 29 30 31 32 33 34 35 36 37 38 39 40 41 42 43 44 45 46 47 48 49
Time: 6.32309


./insert2 (binary search)

0 1 2 3 4 5 6 7 8 9
Time: 0.575766

0 1 2 3 4 5 6 7 8 9 10 11 12 13 14 15 16 17 18 19
Time: 1.60481

0 1 2 3 4 5 6 7 8 9 10 11 12 13 14 15 16 17 18 19 20 21 22 23 24 25 26 27 28 29
Time: 3.01182

0 1 2 3 4 5 6 7 8 9 10 11 12 13 14 15 16 17 18 19 20 21 22 23 24 25 26 27 28 29 30 31 32 33 34 35 36 37 38 39
Time: 4.87398

0 1 2 3 4 5 6 7 8 9 10 11 12 13 14 15 16 17 18 19 20 21 22 23 24 25 26 27 28 29 30 31 32 33 34 35 36 37 38 39 40 41 42 43 44 45 46 47 48 49
Time: 7.11453



Test2 ( 1 iteration, n = 10000, the worst case )

./insert (linear search)
Time: 2.37714

./insert2 (binary search)
Time: 1.88738