int p[] = {5,10,3,12,5,50,6};

m: 
 0 150 330 405 1655 2010
 0   0 360 330 2430 1950
 0   0   0 180  930 1770
 0   0   0   0 3000 1860
 0   0   0   0    0 1500
 0   0   0   0    0    0

s: 
 0 1 2 2 4 2
 0 0 2 2 2 2
 0 0 0 3 4 4
 0 0 0 0 4 4
 0 0 0 0 0 5
 0 0 0 0 0 0

(A1 A2)((A3 A4)(A5 A6))