k = 2   time: 0.001216
k = 4   time: 0.000999
k = 8   time: 0.000971
k = 16   time: 0.001028
k = 32   time: 0.001817
k = 64   time: 0.001892
k = 128   time: 0.003233
k = 256   time: 0.005996
k = 512   time: 0.011616
