N:     1000  Cardinality of S: 17
N:    10000  Cardinality of S: 22
N:   100000  Cardinality of S: 27
N:  1000000  Cardinality of S: 34
N: 10000000  Cardinality of S: 39
N: 20000000  Cardinality of S: 41
N: 30000000  Cardinality of S: 42
N: 40000000  Cardinality of S: 43
N: 50000000  Cardinality of S: 43
N: 60000000  Cardinality of S: 43
N: 70000000  Cardinality of S: 44
N: 80000000  Cardinality of S: 45
