Lengths: 

y1 :  7249
y2 :  4273
y3 :  6817
y4 :  6817
y5 :  2543
y6 :  6385

y1 * y2 :  2976
y2 * y3 :  11090
y3 * y4 :  6818
y4 * y5 :  9360
y5 * y6 :  3842

y1 * y2 * y3 :  3843
y2 * y3 * y4 :  11091
y3 * y4 * y5 :  9361
y4 * y5 * y6 :  3841

y1 * y2 * y3 * y4 :  3844
y2 * y3 * y4 * y5 :  13634
y3 * y4 * y5 * y6 :  2980

y1 * y2 * y3 * y4 * y5 :  6387
y2 * y3 * y4 * y5 * y6 :  7253

y1 * y2 * y3 * y4 * y5 * y6 :  6