

1. Matrix: 

|  1  - x1 + x1^2  - x1^3 + x1^4  - x1^5 + x1^6  - x1^7 + x1^8 ,  
x1  - x1^2 + x1^3  - x1^4 + x1^5  - x1^6 + x1^7  - x1^8 , 
0, 0, 0, 0, |

|  1  - x1 + x1^2  - x1^3 + x1^4  - x1^5 + x1^6  - x1^7 ,  
x1  - x1^2 + x1^3  - x1^4 + x1^5  - x1^6 + x1^7 
, 0, 0, 0, 0, |

| 0, 0,  1 , 0, 0, 0, |
| 0, 0, 0,  1 , 0, 0, |
| 0, 0, 0, 0,  1 , 0, |
| 0, 0, 0, 0, 0,  1 , |.

Fitness = 2

The solution is 

g5^-1 g4^-1 g1 g4 g5^-1 g4^-1 g1^3 g4 g5^-1 g4^-1 g1 g4 g2^-1 g3^-1 g5
g3 g2^-1 g1 g4 g5 g2 g4 g5^-1 g4^-2 g1 g4 g3^-1 g1 g3 g2^-1 g3^-1 g1
g3 g2^-2 g1 g4 g5 g2 g1^2 g5^-1 g4^-1 g2^-1 g5


2. Matrix: 

|  1  - x1 + x1^2  - x1^3 + x1^4  - x1^5 + x1^6  - x1^7 + x1^8  - x1^9 
+ x1^10  - x1^11 + x1^12 ,  
x1  - x1^2 + x1^3  - x1^4 + x1^5  - x1^6 + x1^7  - x1^8 + x1^9  - x1^10 
+ x1^11  - x1^12 
, 0, 0, 0, 0, |

|  1  - x1 + x1^2  - x1^3 + x1^4  - x1^5 + x1^6  - x1^7 + x1^8  - x1^9 
+ x1^10  - x1^11 ,  
x1  - x1^2 + x1^3  - x1^4 + x1^5  - x1^6 + x1^7  - x1^8 + x1^9  - x1^10 
+ x1^11 
, 0, 0, 0, 0, |

| 0, 0,  1 , 0, 0, 0, |
| 0, 0, 0,  1 , 0, 0, |
| 0, 0, 0, 0,  1 , 0, |
| 0, 0, 0, 0, 0,  1 , |.

Fitness = 2

The solution is 

g1^2 g5^-1 g1 g5 g1 g5 g1 g2^-1 g5^-1 g4^-1 g2 g1^2 g4 g5^-1 g4^-1 g1
g4 g5^-1 g4^-1 g1 g4 g2^-1 g3^-1 g5 g3 g2^-1 g1 g4 g5 g2 g4 g5^-1
g4^-2 g1 g4 g5^-1 g3^-1 g1 g3 g2^-1 g3^-1 g1 g3 g2^-2 g1 g4 g5 g2 g1^2
g4 g5^-1 g4^-1 g2^-1


3. Matrix: 

|  1  - x1 + x1^2  - x1^3 + x1^4  - x1^5 + x1^6  - x1^7 + x1^8  - x1^9 
+ x1^10  - x1^11 + x1^12  - x1^13 + x1^14  - x1^15 + x1^16  - x1^17 + x1^18 ,
x1  - x1^2 + x1^3  - x1^4 + x1^5  - x1^6 + x1^7  - x1^8 + x1^9  - x1^10 
+ x1^11  - x1^12 + x1^13  - x1^14 + x1^15  - x1^16 + x1^17  - x1^18 
, 0, 0, 0, 0, |

|  1  - x1 + x1^2  - x1^3 + x1^4  - x1^5 + x1^6  - x1^7 + x1^8  - x1^9 + 
x1^10  - x1^11 + x1^12  - x1^13 + x1^14  - x1^15 + x1^16  - x1^17 ,
x1  - x1^2 + x1^3  - x1^4 + x1^5  - x1^6 + x1^7  - x1^8 + x1^9  - x1^10 
+ x1^11  - x1^12 + x1^13  - x1^14 + x1^15  - x1^16 + x1^17 
, 0, 0, 0, 0, |

| 0, 0,  1 , 0, 0, 0, |
| 0, 0, 0,  1 , 0, 0, |
| 0, 0, 0, 0,  1 , 0, |
| 0, 0, 0, 0, 0,  1 , |.

Fitness = 2

The solution is 

g4 g1 g5^-1 g1 g5 g1 g5 g4 g2^-1 g5^-1 g4^-1 g2 g1^2 g5^-1 g4^-1 g1^2
g4 g2^-1 g3^-1 g5 g3 g2^-1 g1 g4 g5 g2 g4 g5^-1 g4^-2 g1 g4 g5^-1
g3^-1 g1 g3 g2^-1 g5 g1 g2^-1 g5^-1 g4^-1 g2 g1^2 g4 g5^-1 g4^-1 g1 g4
g5^-1 g4^-1 g1 g4 g2^-1 g3^-1 g5 g3 g2^-1 g1 g4 g5 g2 g4 g5^-1 g4^-2
g1 g4 g5^-1 g3^-1 g1 g3 g2^-1 g3^-1 g1 g3 g2^-2 g1 g4 g5 g2 g5^-1
g4^-2 g1 g4 g5^-1 g3^-1 g1 g3 g2^-1 g3^-1 g1 g3 g2^-2 g1 g4 g5 g2 g1^2
g4 g5^-1 g4^-1 g2^-1





