


Matrix: | 1 - x1 + x1^3 - x1^4 + x1^6 - x1^7 + x1^8 -5 x1^9 + 19 x1^10
-48 x1^11 + 92 x1^12 -143 x1^13 + 187 x1^14 -210 x1^15 + 205 x1^16
-174 x1^17 + 128 x1^18 -80 x1^19 + 41 x1^20 -17 x1^21 + 5 x1^22 -
x1^23 , x1 - x1^2 + x1^4 - x1^5 + x1^7 -2 x1^8 + 7 x1^9 -25 x1^10 + 68
x1^11 -144 x1^12 + 250 x1^13 -367 x1^14 + 466 x1^15 -519 x1^16 + 510
x1^17 -442 x1^18 + 337 x1^19 -223 x1^20 + 126 x1^21 -59 x1^22 + 22
x1^23 -6 x1^24 + x1^25 , x1^2 - x1^3 + x1^5 - x1^6 + x1^8 -2 x1^9 + 6
x1^10 -20 x1^11 + 52 x1^12 -107 x1^13 + 180 x1^14 -256 x1^15 + 314
x1^16 -336 x1^17 + 314 x1^18 -257 x1^19 + 182 x1^20 -109 x1^21 + 54
x1^22 -21 x1^23 + 6 x1^24 - x1^25 , 0, 0, 0, |

| 1 - x1 + x1^3 - x1^4 + x1^5 -5 x1^6 + 20 x1^7 -53 x1^8 + 106 x1^9
-172 x1^10 + 235 x1^11 -277 x1^12 + 286 x1^13 -259 x1^14 + 206 x1^15
-143 x1^16 + 85 x1^17 -42 x1^18 + 17 x1^19 -5 x1^20 + x1^21 , x1 -
x1^2 + x1^4 -2 x1^5 + 7 x1^6 -26 x1^7 + 74 x1^8 -163 x1^9 + 294 x1^10
-448 x1^11 + 592 x1^12 -689 x1^13 + 711 x1^14 -653 x1^15 + 533 x1^16
-385 x1^17 + 243 x1^18 -132 x1^19 + 60 x1^20 -22 x1^21 + 6 x1^22 -
x1^23 , x1^2 - x1^3 + x1^5 -2 x1^6 + 6 x1^7 -21 x1^8 + 57 x1^9 -122
x1^10 + 213 x1^11 -315 x1^12 + 403 x1^13 -452 x1^14 + 447 x1^15 -390
x1^16 + 300 x1^17 -201 x1^18 + 115 x1^19 -55 x1^20 + 21 x1^21 -6 x1^22
+ x1^23 , 0, 0, 0, |

| 1 - x1 + x1^3 -2 x1^4 + 6 x1^5 -21 x1^6 + 58 x1^7 -125 x1^8 + 220
x1^9 -327 x1^10 + 420 x1^11 -473 x1^12 + 469 x1^13 -411 x1^14 + 317
x1^15 -213 x1^16 + 122 x1^17 -58 x1^18 + 22 x1^19 -6 x1^20 + x1^21 ,
x1 - x1^2 + 2 x1^4 -8 x1^5 + 28 x1^6 -81 x1^7 + 188 x1^8 -362 x1^9 +
592 x1^10 -842 x1^11 + 1056 x1^12 -1177 x1^13 + 1172 x1^14 -1043 x1^15
+ 827 x1^16 -580 x1^17 + 355 x1^18 -186 x1^19 + 81 x1^20 -28 x1^21 + 7
x1^22 - x1^23 , x1^2 - x1^3 + 2 x1^5 -7 x1^6 + 23 x1^7 -63 x1^8 + 142
x1^9 -265 x1^10 + 422 x1^11 -583 x1^12 + 708 x1^13 -761 x1^14 + 726
x1^15 -614 x1^16 + 458 x1^17 -297 x1^18 + 164 x1^19 -75 x1^20 + 27
x1^21 -7 x1^22 + x1^23 , 0, 0, 0, |

| 0, 0, 0, 1 , 0, 0, | 

| 0, 0, 0, 0, 1 , 0, | 

| 0, 0, 0, 0, 0, 1 , |.

Fitness = 6 

The solution is b5 b2^-2 b4^2 b1 b5 b1 b5 b1 b3^-1 b5^-1 b3 b2^2 b5^-1
b4^-1 b5 b1^3 b2 b5^-1 b1 b3^-1 b5 b3 b5^-1 b1 b2 b4^-1 b1^3 b2^-2 b4
b5^-1 b1 b4^-1 b1 b4 b2^-1 b4 b3^-1 b5^-1 b3 b2 b5 b1 b2 b5 b2 b4^-1
b2^3 b1^2 b2 b4^-1 b1 b4 b1 b5^-1 b1 b4^-2 b2^-1 b5^-1 b2 b1 b4 b1
b2^2 b4

