1. [g1, Y g1 Y-1],  where Y=g2^-1 g3 g4 g1 g5^-3 g4 g3 g2^-1

Matrix: 
|  1 , 0, 0, 0, 0, 0, |
| 0,  1 , 0, 0, 0, 0, |
| 0, 0,  1 , 0, 0, 0, |
| 0, 0, 0,  1 , 0, 0, |
| 0, 0, 0, 0,  1 , 0, |
| 0, 0, 0, 0, 0,  1 , |.

Fitness = 0
The solution is g1 g2^-1 g3 g4 g1 g5^-3 g4 g3 g2^-1 g1 g2 g3^-1 g4^-1 g5^3 g1^-1 g4^-1 g3^-1 g2 g1^-1 g2^-1 g3 g4 g1 g5^-3 g4 g3 g2^-1 g1^-1 g2 g3^-1 g4^-1 g5^3 g1^-1 g4^-1 g3^-1 g2


2. Y g1 Y-1

Matrix: 
|  2  -2 x1 + x1^2 ,  x1  -2 x1^2 + x1^3 ,  - x1 + 2 x1^2  -2 x1^3 + x1^4 ,  - 1 + 3 x1  -4 x1^2 + 4 x1^3  -3 x1^4 + x1^5 ,  - x1 + 3 x1^2  -4 x1^3 + 4 x1^4  -3 x1^5 + x1^6 ,  x1^3  -2 x1^4 + 2 x1^5  - x1^6 , |
|  1  -2 x1 + x1^2 ,  1 + x1  -2 x1^2 + x1^3 ,  - x1 + 2 x1^2  -2 x1^3 + x1^4 ,  - 1 + 3 x1  -4 x1^2 + 4 x1^3  -3 x1^4 + x1^5 ,  - x1 + 3 x1^2  -4 x1^3 + 4 x1^4  -3 x1^5 + x1^6 ,  x1^3  -2 x1^4 + 2 x1^5  - x1^6 , |
|  2  -3 x1 + x1^2 ,  2 x1  -3 x1^2 + x1^3 ,  1  -2 x1 + 3 x1^2  -3 x1^3 + x1^4 ,  -2 + 5 x1  -6 x1^2 + 6 x1^3  -4 x1^4 + x1^5 ,  -2 x1 + 5 x1^2  -6 x1^3 + 6 x1^4  -4 x1^5 + x1^6 ,  2 x1^3  -3 x1^4 + 3 x1^5  - x1^6 , |
|  - 1 + 2 x1^-1  - x1^-2 ,  2  - x1^-1  - x1 ,  -2 + x1^-1 + 2 x1  - x1^2 ,  5  -3 x1^-1  -4 x1 + x1^-2 + 3 x1^2  - x1^3 ,  -3 + x1^-1 + 4 x1  -4 x1^2 + 3 x1^3  - x1^4 ,  - x1 + 2 x1^2  -2 x1^3 + x1^4 , |
|  - 1 + 2 x1^-1  - x1^-2 ,  2  - x1^-1  - x1 ,  -2 + x1^-1 + 2 x1  - x1^2 ,  4  -3 x1^-1  -4 x1 + x1^-2 + 3 x1^2  - x1^3 ,  -2 + x1^-1 + 4 x1  -4 x1^2 + 3 x1^3  - x1^4 ,  - x1 + 2 x1^2  -2 x1^3 + x1^4 , |
|  x1^-2  -2 x1^-3 + 2 x1^-4  - x1^-5 ,  x1^-1  -2 x1^-2 + 2 x1^-3  - x1^-4 ,  1  -2 x1^-1 + 3 x1^-2  -2 x1^-3 + x1^-4 ,  -3 + 5 x1^-1 + x1  -6 x1^-2 + 5 x1^-3  -3 x1^-4 + x1^-5 ,  5  -6 x1^-1  -3 x1 + 5 x1^-2 + x1^2  -3 x1^-3 + x1^-4 ,  -2 + 2 x1^-1 + 2 x1  - x1^-2  - x1^2 , |.

Fitness = 30
The solution is g2^-1 g3 g4 g1 g5^-3 g4 g3 g2^-1 g1 g2 g3^-1 g4^-1 g5^3 g1^-1 g4^-1 g3^-1 g2

