*** Total length: 3

*** Total length: 4

*** Total length: 5

*** Total length: 6

*** Total length: 7

Solution found: 
u = x0 x2 x0^-1
v = x1
w = x0
Checking whether this is auto: YES

*** Total length: 8

Solution found: 
u = x0^-1 x2^-1 x0
v = x1
w = x0^-1
Checking whether this is auto: YES

Solution found: 
u = x0 x2 x0^-1
v = x0 x2 x0^-1
w = x0
Checking whether this is auto: NO

Solution found: 
u = x0
v = x1 x2 x1^-1
w = x1
Checking whether this is auto: YES

*** Total length: 9

Solution found: 
u = x0 x2 x0^-1
v = x0 x2^-1 x0^-1
w = x0
Checking whether this is auto: NO

Solution found: 
u = x0 x2 x0^-1
v = x0 x2^-1 x1
w = x0
Checking whether this is auto: YES

Solution found: 
u = x0
v = x1^-1 x2^-1 x1
w = x1^-1
Checking whether this is auto: YES

Solution found: 
u = x0 x2 x0^-1
v = x1 x2 x0^-1
w = x0
Checking whether this is auto: YES

Solution found: 
u = x0^-1 x2^-1 x0
v = x0^-1 x2 x0
w = x0^-1
Checking whether this is auto: NO

Solution found: 
u = x0 x2 x1^-1
v = x1 x2 x1^-1
w = x1
Checking whether this is auto: YES

Solution found: 
u = x0^-1 x2^-1 x0
v = x0^-1 x2^-1 x0
w = x0^-1
Checking whether this is auto: NO

Solution found: 
u = x0^-1 x2^-1 x0
v = x0^-1 x2^-1 x1
w = x0^-1
Checking whether this is auto: YES

Solution found: 
u = x0^-1 x2^-1 x0
v = x1 x2 x0
w = x0^-1
Checking whether this is auto: YES

Solution found: 
u = x0 x2 x1
v = x1^-1 x2^-1 x1
w = x1^-1
Checking whether this is auto: YES

Solution found: 
u = x1 x2 x1^-1
v = x1 x2 x1^-1
w = x1
Checking whether this is auto: NO

Solution found: 
u = x1 x2^-1 x0
v = x1 x2 x1^-1
w = x1
Checking whether this is auto: YES

Solution found: 
u = x1 x2^-1 x1^-1
v = x1 x2 x1^-1
w = x1
Checking whether this is auto: NO

*** Total length: 10

Solution found: 
u = x1^-1 x2 x1
v = x1^-1 x2^-1 x1
w = x1^-1
Checking whether this is auto: NO

Solution found: 
u = x0
v = x0 x1^-1 x2^-1 x1
w = x0 x1^-1
Checking whether this is auto: YES

Solution found: 
u = x1^-1 x2^-1 x0
v = x1^-1 x2^-1 x1
w = x1^-1
Checking whether this is auto: YES

Solution found: 
u = x1^-1 x2^-1 x1
v = x1^-1 x2^-1 x1
w = x1^-1
Checking whether this is auto: NO

Solution found: 
u = x0 x2 x0^-1 x1^-1
v = x1
w = x1 x0
Checking whether this is auto: YES

Solution found: 
u = x0 x2 x0^-1 x1
v = x1
w = x1^-1 x0
Checking whether this is auto: YES

Solution found: 
u = x0 x2 x0^-1
v = x0 x2^2 x0^-1
w = x0
Checking whether this is auto: NO

Solution found: 
u = x0 x2 x0^-1
v = x0 x2^-2 x0^-1
w = x0
Checking whether this is auto: NO

Solution found: 
u = x0
v = x0^-1 x1^-1 x2^-1 x1
w = x0^-1 x1^-1
Checking whether this is auto: YES

*** Total length: 11

Solution found: 
u = x0^-1 x2^-1 x0
v = x0^-1 x2^2 x0
w = x0^-1
Checking whether this is auto: NO

Solution found: 
u = x1 x0^-1 x2^-1 x0
v = x1
w = x1 x0^-1
Checking whether this is auto: YES

Solution found: 
u = x0^-1 x2^-1 x0
v = x0^-1 x2^-2 x0
w = x0^-1
Checking whether this is auto: NO

Solution found: 
u = x0
v = x1 x2 x1^-1 x0^-1
w = x0 x1
Checking whether this is auto: YES

Solution found: 
u = x0
v = x1 x2 x1^-1 x0
w = x0^-1 x1
Checking whether this is auto: YES

*** Total length: 12

Solution found: 
u = x1^-1 x0^-1 x2^-1 x0
v = x1
w = x1^-1 x0^-1
Checking whether this is auto: YES

Solution found: 
u = x1 x2^2 x1^-1
v = x1 x2 x1^-1
w = x1
Checking whether this is auto: NO

Solution found: 
u = x1 x2^-2 x1^-1
v = x1 x2 x1^-1
w = x1
Checking whether this is auto: NO

Solution found: 
u = x1^-1 x2^2 x1
v = x1^-1 x2^-1 x1
w = x1^-1
Checking whether this is auto: NO

Solution found: 
u = x1^-1 x2^-2 x1
v = x1^-1 x2^-1 x1
w = x1^-1
Checking whether this is auto: NO

Solution found: 
u = x0
v = x0^2 x1^-1 x2^-1 x1
w = x0^2 x1^-1
Checking whether this is auto: YES

Solution found: 
u = x0 x1 x0^-1 x2^-1 x0
v = x0^-1 x2 x0
w = x0 x1 x0^-1
Checking whether this is auto: YES

Solution found: 
u = x0 x1^2 x2^-1 x1^-1
v = x1 x2 x1^-1
w = x1
Checking whether this is auto: YES

Solution found: 
u = x0 x1 x2 x1^-1 x0^-1
v = x1
w = x1^-1 x0 x1
Checking whether this is auto: YES

Solution found: 
u = x0 x1 x2^2 x1
v = x1^-1 x2^-1 x1
w = x1^-1
Checking whether this is auto: YES

*** Total length: 13

Solution found: 
u = x0 x1^-1 x0^-1 x2^-1 x0
v = x0^-1 x2^-1 x0
w = x0 x1^-1 x0^-1
Checking whether this is auto: YES

Solution found: 
u = x0 x1^-1 x2 x1 x0^-1
v = x1
w = x1 x0 x1^-1
Checking whether this is auto: YES

Solution found: 
u = x0 x2 x0^-1
v = x0 x2 x0^-2 x1
w = x0
Checking whether this is auto: YES

Solution found: 
u = x0 x1^-1 x2^2 x1^-1
v = x1 x2 x1^-1
w = x1
Checking whether this is auto: YES

Solution found: 
u = x0 x1^-2 x2^-1 x1
v = x1^-1 x2^-1 x1
w = x1^-1
Checking whether this is auto: YES

Solution found: 
u = x0 x2 x0^-1 x1^-2
v = x1
w = x1^2 x0
Checking whether this is auto: YES

Solution found: 
u = x0 x2 x0^-1 x1^-1 x0
v = x0 x2 x0^-1
w = x0^-1 x1 x0
Checking whether this is auto: YES

Solution found: 
u = x0 x2 x0^-1 x1^2
v = x1
w = x1^-2 x0
Checking whether this is auto: YES

Solution found: 
u = x0 x2 x0^-1 x1 x0
v = x0 x2^-1 x0^-1
w = x0^-1 x1^-1 x0
Checking whether this is auto: YES

Solution found: 
u = x0 x2 x0^-1
v = x0 x2^3 x0^-1
w = x0
Checking whether this is auto: NO

Solution found: 
u = x0 x2 x0^-1
v = x0 x2^-1 x1 x2 x0^-1
w = x0
Checking whether this is auto: YES

Solution found: 
u = x0 x1^-1 x2^-1 x0
v = x0 x1^-1 x2^-2 x0
w = x0 x1^-1
Checking whether this is auto: YES

Solution found: 
u = x0 x2 x0^-1
v = x0 x2^-2 x0 x1
w = x0
Checking whether this is auto: YES

Solution found: 
u = x0 x2 x0^-1
v = x0 x2^-3 x0^-1
w = x0
Checking whether this is auto: NO

